test
test 1
test 2
test 3
test
test 1
test 2
test 3
test
test 1
test 2
test 3
test
test 1
test 2
test 3
test
test 1
test 2
test 3
test
test 1
test 2
test 3
test
test 1
test 2
test 3
test
test asdas
test 1
dasdas
sdas
asd
asd
as
das
test
test 1
test 2
test 3
test
test 1
test 2
test 3
test
test 1
test 2
test 3
test
test 1
test 2
test 3
test
test asdas
test 1
dasdas
sdas
asd
ssds
assadasd
asdas
asd
asd
asd
asd
asd
asd
asd
as
das
d
as
das
d
ad
as
d
asd
as
das
d
as
d
asd
as
d
asd
as
das
d
asdf
ad
fas
das
das
d
sad
asdf
as
dsa
d
asd
as
dsa
da
sd
a
asd
as
d
asd
as
das
d
asdf
ad
fas
das
das
d
sad
asdf
as
dsa
d
asd
as
dsa
da
sd
a
test
Testtee